aws_access_key: AKIAIVLNQFIAXGACN47A
aws_secret_key: ia_FAKE_VALUE_LR
dsi_analysis_atlas_pw: Kw_FAKE_VALUE_uX
dsi_analysis_atlas_user: dsi_analysis
perf_jira_pw: og_FAKE_VALUE_ep
perf_jira_user: mongo-perf-user
